// Jest Snapshot v1, https://goo.gl/fbAQLP

exports[`Header renders correctly 1`] = `
<div
  className="Header-root-1"
>
  <header
    className="MuiPaper-root-14 MuiPaper-elevation4-20 MuiAppBar-root-6 MuiAppBar-positionStatic-10 MuiAppBar-colorPrimary-12"
  >
    <div
      className="MuiToolbar-root-41 MuiToolbar-regular-43 MuiToolbar-gutters-42"
    >
      <h2
        className="MuiTypography-root-45 MuiTypography-title-51 MuiTypography-colorInherit-64 Header-flex-2"
      >
        <button
          className="MuiButtonBase-root-96 MuiButton-root-70 MuiButton-text-72 MuiButton-flat-75 Header-link-5"
          disabled={false}
          onBlur={[Function]}
          onFocus={[Function]}
          onKeyDown={[Function]}
          onKeyUp={[Function]}
          onMouseDown={[Function]}
          onMouseLeave={[Function]}
          onMouseUp={[Function]}
          onTouchEnd={[Function]}
          onTouchMove={[Function]}
          onTouchStart={[Function]}
          tabIndex="0"
          to="/"
          type="button"
        >
          <span
            className="MuiButton-label-71"
          >
            PlaceList
          </span>
          <span
            className="MuiTouchRipple-root-99"
          />
        </button>
      </h2>
      <div>
        <button
          className="MuiButtonBase-root-96 MuiButton-root-70 MuiButton-text-72 MuiButton-flat-75 Header-button-4"
          disabled={false}
          onBlur={[Function]}
          onFocus={[Function]}
          onKeyDown={[Function]}
          onKeyUp={[Function]}
          onMouseDown={[Function]}
          onMouseLeave={[Function]}
          onMouseUp={[Function]}
          onTouchEnd={[Function]}
          onTouchMove={[Function]}
          onTouchStart={[Function]}
          tabIndex="0"
          to="map"
          type="button"
        >
          <span
            className="MuiButton-label-71"
          >
            Map
          </span>
          <span
            className="MuiTouchRipple-root-99"
          />
        </button>
        <button
          className="MuiButtonBase-root-96 MuiButton-root-70 MuiButton-text-72 MuiButton-flat-75 Header-button-4"
          disabled={false}
          onBlur={[Function]}
          onFocus={[Function]}
          onKeyDown={[Function]}
          onKeyUp={[Function]}
          onMouseDown={[Function]}
          onMouseLeave={[Function]}
          onMouseUp={[Function]}
          onTouchEnd={[Function]}
          onTouchMove={[Function]}
          onTouchStart={[Function]}
          tabIndex="0"
          to="list"
          type="button"
        >
          <span
            className="MuiButton-label-71"
          >
            List
          </span>
          <span
            className="MuiTouchRipple-root-99"
          />
        </button>
        <button
          className="MuiButtonBase-root-96 MuiButton-root-70 MuiButton-text-72 MuiButton-flat-75 Header-button-4"
          disabled={false}
          onBlur={[Function]}
          onFocus={[Function]}
          onKeyDown={[Function]}
          onKeyUp={[Function]}
          onMouseDown={[Function]}
          onMouseLeave={[Function]}
          onMouseUp={[Function]}
          onTouchEnd={[Function]}
          onTouchMove={[Function]}
          onTouchStart={[Function]}
          tabIndex="0"
          to="about"
          type="button"
        >
          <span
            className="MuiButton-label-71"
          >
            About
          </span>
          <span
            className="MuiTouchRipple-root-99"
          />
        </button>
        <button
          aria-haspopup="true"
          aria-owns={null}
          className="MuiButtonBase-root-96 MuiIconButton-root-106 MuiIconButton-colorInherit-107"
          disabled={false}
          onBlur={[Function]}
          onClick={[Function]}
          onFocus={[Function]}
          onKeyDown={[Function]}
          onKeyUp={[Function]}
          onMouseDown={[Function]}
          onMouseLeave={[Function]}
          onMouseUp={[Function]}
          onTouchEnd={[Function]}
          onTouchMove={[Function]}
          onTouchStart={[Function]}
          tabIndex="0"
          type="button"
        >
          <span
            className="MuiIconButton-label-111"
          >
            <svg
              aria-hidden="true"
              className="MuiSvgIcon-root-112"
              focusable="false"
              viewBox="0 0 24 24"
            >
              <path
                d="M12 2C6.48 2 2 6.48 2 12s4.48 10 10 10 10-4.48 10-10S17.52 2 12 2zm0 3c1.66 0 3 1.34 3 3s-1.34 3-3 3-3-1.34-3-3 1.34-3 3-3zm0 14.2c-2.5 0-4.71-1.28-6-3.22.03-1.99 4-3.08 6-3.08 1.99 0 5.97 1.09 6 3.08-1.29 1.94-3.5 3.22-6 3.22z"
              />
              <path
                d="M0 0h24v24H0z"
                fill="none"
              />
            </svg>
          </span>
          <span
            className="MuiTouchRipple-root-99"
          />
        </button>
      </div>
    </div>
  </header>
</div>
`;
