// Jest Snapshot v1, https://goo.gl/fbAQLP

exports[`Detail renders correctly 1`] = `
<Connect(PlaceDetail)
  classes={
    Object {
      "root": "Connect-PlaceDetail--root-1",
    }
  }
/>
`;
